
   #######################################          #########################
   D E S I G N   R E S P O N S E                    I N F O R M A T I O N

   FUNCTION        VALUE            NAME                                                                            
   #######################################          #########################

   STRESS           0.1734829E+01   STRESS_OBJ                                                                      
