
   #######################################          #########################
   D E S I G N   R E S P O N S E                    I N F O R M A T I O N

   FUNCTION        VALUE            NAME                                                                            
   #######################################          #########################

   STRESS           0.1143647E+01   STRESS_RESP                                                                     
   MASS             0.6260169E-07   MASS_RESP                                                                       


   ##############################################################################################################
   A S S E M B L Y   O F   A C T I V E   S E T

   NUMBER OF    CONSTRAINT      LE/     FUNCTION         FUNCTION         FUNCTION        ACTIVE/    NAME OF
   CONSTRAINT   FUNCTION        GE      VALUE            BOUND            VALUE NORM.     INACTIVE   CONSTRAINT
   ##############################################################################################################

    1           MASS            LE      0.6260169E-07    0.6260169E-07    0.0000000E+00   ACTIVE     MASS_RESP                                                                       


   #######################################             #####################################
   L A G R A N G E   M U L T P L I E R S               1ST   I T E R A T I O N

   NUMBER OF                                               CONSTRAINT      LE/     LAGRANGE        ACTIVE/       NAME OF
   CONSTRAINT                                             FUNCTION        GE      MULTIPLIER      INACTIVE   CONSTRAINT
   #######################################             #####################################

    1           MASS            LE      0.8842963E+00   ACTIVE     MASS_RESP                                                                       

