
   #######################################          #########################
   D E S I G N   R E S P O N S E                    I N F O R M A T I O N

   FUNCTION        VALUE            NAME                                                                            
   #######################################          #########################

   STRAINENERGY     0.4537522E+07   ENER_OBJ                                                                        
   MASS             0.1560000E-01   MASS_OBJ                                                                        
