
   #######################################          #########################
   D E S I G N   R E S P O N S E                    I N F O R M A T I O N

   FUNCTION        VALUE            NAME                                                                            
   #######################################          #########################

   ALL-DISP         0.1562493E+01   DISP_OBJ                                                                        
